---
source: src/bash/bash_parser.rs
expression: context
---
raw: echo $(whoami) && git status
children:
  - children:
      - name: echo
        args:
          - $(whoami)
        contains_substitution: true
      - name: whoami
        nesting:
          - Substitution
  - connector: And
    children:
      - name: git
        args:
          - status
