---
source: src/bash/bash_parser.rs
expression: context
---
raw: echo $(whoami) $(date)
children:
  - children:
      - name: echo
        args:
          - $(whoami)
          - $(date)
        contains_substitution: true
      - name: whoami
        nesting:
          - Substitution
      - name: date
        nesting:
          - Substitution
