---
source: src/bash/bash_parser.rs
expression: context
---
raw: "git commit -m \"$(date +%Y)\""
children:
  - children:
      - name: git
        args:
          - commit
          - "-m"
          - "\"$(date +%Y)\""
        contains_substitution: true
      - name: date
        args:
          - +%Y
        nesting:
          - Substitution
