---
source: src/bash/bash_parser.rs
expression: context
---
raw: for f in a b; do echo $(whoami); done
children:
  - children:
      - name: echo
        args:
          - $(whoami)
        contains_substitution: true
        nesting:
          - For
      - name: whoami
        nesting:
          - For
          - Substitution
