---
source: src/bash/bash_parser.rs
expression: context
---
raw: echo $(for x in a b; do echo $x; done)
children:
  - children:
      - name: echo
        args:
          - $(for x in a b; do echo $x; done)
        contains_substitution: true
      - name: echo
        args:
          - $x
        nesting:
          - Substitution
          - For
